<?xml version="1.0" encoding="ISO-8859-1" ?>
<link_info>
   <banner>TMS320C6x Linker PC v8.3.11</banner>
   <copyright>Copyright (c) 1996-2018 Texas Instruments Incorporated</copyright>
   <link_time>0x6242c33f</link_time>
   <link_errors>0x0</link_errors>
   <output_file>fxlmsc6748.out</output_file>
   <entry_point>
      <name>_c_int00</name>
      <address>0x800058a0</address>
   </entry_point>
   <input_file_list>
      <input_file id="fl-2">
         <path>.\</path>
         <kind>object</kind>
         <file>aic31.obj</file>
         <name>aic31.obj</name>
      </input_file>
      <input_file id="fl-3">
         <path>.\</path>
         <kind>object</kind>
         <file>codecif.obj</file>
         <name>codecif.obj</name>
      </input_file>
      <input_file id="fl-4">
         <path>.\</path>
         <kind>object</kind>
         <file>main.obj</file>
         <name>main.obj</name>
      </input_file>
      <input_file id="fl-c">
         <kind>object</kind>
         <file>&lt;internal&gt;</file>
         <name>&lt;internal&gt;</name>
      </input_file>
      <input_file id="fl-26">
         <path>C:\ti\ccs1110\ccs\tools\compiler\ti-cgt-c6000_8.3.11\lib\</path>
         <kind>archive</kind>
         <file>rts6740_elf.lib</file>
         <name>remu.asm.obj</name>
      </input_file>
      <input_file id="fl-27">
         <path>C:\ti\ccs1110\ccs\tools\compiler\ti-cgt-c6000_8.3.11\lib\</path>
         <kind>archive</kind>
         <file>rts6740_elf.lib</file>
         <name>boot.c.obj</name>
      </input_file>
      <input_file id="fl-28">
         <path>C:\ti\ccs1110\ccs\tools\compiler\ti-cgt-c6000_8.3.11\lib\</path>
         <kind>archive</kind>
         <file>rts6740_elf.lib</file>
         <name>autoinit.c.obj</name>
      </input_file>
      <input_file id="fl-29">
         <path>C:\ti\ccs1110\ccs\tools\compiler\ti-cgt-c6000_8.3.11\lib\</path>
         <kind>archive</kind>
         <file>rts6740_elf.lib</file>
         <name>pre_init.c.obj</name>
      </input_file>
      <input_file id="fl-2a">
         <path>C:\ti\ccs1110\ccs\tools\compiler\ti-cgt-c6000_8.3.11\lib\</path>
         <kind>archive</kind>
         <file>rts6740_elf.lib</file>
         <name>startup.c.obj</name>
      </input_file>
      <input_file id="fl-2b">
         <path>C:\ti\ccs1110\ccs\tools\compiler\ti-cgt-c6000_8.3.11\lib\</path>
         <kind>archive</kind>
         <file>rts6740_elf.lib</file>
         <name>cpy_tbl.c.obj</name>
      </input_file>
      <input_file id="fl-2c">
         <path>C:\ti\ccs1110\ccs\tools\compiler\ti-cgt-c6000_8.3.11\lib\</path>
         <kind>archive</kind>
         <file>rts6740_elf.lib</file>
         <name>copy_zero_init.c.obj</name>
      </input_file>
      <input_file id="fl-2d">
         <path>C:\ti\ccs1110\ccs\tools\compiler\ti-cgt-c6000_8.3.11\lib\</path>
         <kind>archive</kind>
         <file>rts6740_elf.lib</file>
         <name>copy_decompress_none.c.obj</name>
      </input_file>
      <input_file id="fl-2e">
         <path>C:\ti\ccs1110\ccs\tools\compiler\ti-cgt-c6000_8.3.11\lib\</path>
         <kind>archive</kind>
         <file>rts6740_elf.lib</file>
         <name>copy_decompress_rle.c.obj</name>
      </input_file>
      <input_file id="fl-2f">
         <path>C:\ti\ccs1110\ccs\tools\compiler\ti-cgt-c6000_8.3.11\lib\</path>
         <kind>archive</kind>
         <file>rts6740_elf.lib</file>
         <name>cos.c.obj</name>
      </input_file>
      <input_file id="fl-30">
         <path>C:\ti\ccs1110\ccs\tools\compiler\ti-cgt-c6000_8.3.11\lib\</path>
         <kind>archive</kind>
         <file>rts6740_elf.lib</file>
         <name>modf.c.obj</name>
      </input_file>
      <input_file id="fl-31">
         <path>C:\ti\ccs1110\ccs\tools\compiler\ti-cgt-c6000_8.3.11\lib\</path>
         <kind>archive</kind>
         <file>rts6740_elf.lib</file>
         <name>round.c.obj</name>
      </input_file>
      <input_file id="fl-32">
         <path>C:\ti\ccs1110\ccs\tools\compiler\ti-cgt-c6000_8.3.11\lib\</path>
         <kind>archive</kind>
         <file>rts6740_elf.lib</file>
         <name>sin.c.obj</name>
      </input_file>
      <input_file id="fl-33">
         <path>C:\ti\ccs1110\ccs\tools\compiler\ti-cgt-c6000_8.3.11\lib\</path>
         <kind>archive</kind>
         <file>rts6740_elf.lib</file>
         <name>trunc.c.obj</name>
      </input_file>
      <input_file id="fl-34">
         <path>C:\ti\ccs1110\ccs\tools\compiler\ti-cgt-c6000_8.3.11\lib\</path>
         <kind>archive</kind>
         <file>rts6740_elf.lib</file>
         <name>tls.c.obj</name>
      </input_file>
      <input_file id="fl-35">
         <path>C:\ti\ccs1110\ccs\tools\compiler\ti-cgt-c6000_8.3.11\lib\</path>
         <kind>archive</kind>
         <file>rts6740_elf.lib</file>
         <name>exit.c.obj</name>
      </input_file>
      <input_file id="fl-36">
         <path>C:\ti\ccs1110\ccs\tools\compiler\ti-cgt-c6000_8.3.11\lib\</path>
         <kind>archive</kind>
         <file>rts6740_elf.lib</file>
         <name>args_main.c.obj</name>
      </input_file>
      <input_file id="fl-37">
         <path>C:\ti\ccs1110\ccs\tools\compiler\ti-cgt-c6000_8.3.11\lib\</path>
         <kind>archive</kind>
         <file>rts6740_elf.lib</file>
         <name>tls_get_tp.asm.obj</name>
      </input_file>
      <input_file id="fl-38">
         <path>C:\ti\ccs1110\ccs\tools\compiler\ti-cgt-c6000_8.3.11\lib\</path>
         <kind>archive</kind>
         <file>rts6740_elf.lib</file>
         <name>memcpy64.asm.obj</name>
      </input_file>
      <input_file id="fl-39">
         <path>C:\ti\ccs1110\ccs\tools\compiler\ti-cgt-c6000_8.3.11\lib\</path>
         <kind>archive</kind>
         <file>rts6740_elf.lib</file>
         <name>memset.c.obj</name>
      </input_file>
      <input_file id="fl-3a">
         <path>C:\ti\C6748_StarterWare_1_20_04_01\binary\c674x\cgt_ccs\c6748\drivers\Release\</path>
         <kind>archive</kind>
         <file>drivers.lib</file>
         <name>psc.obj</name>
      </input_file>
      <input_file id="fl-3b">
         <path>C:\ti\C6748_StarterWare_1_20_04_01\binary\c674x\cgt_ccs\c6748\drivers\Release\</path>
         <kind>archive</kind>
         <file>drivers.lib</file>
         <name>mcasp.obj</name>
      </input_file>
      <input_file id="fl-3c">
         <path>C:\ti\C6748_StarterWare_1_20_04_01\binary\c674x\cgt_ccs\c6748\drivers\Release\</path>
         <kind>archive</kind>
         <file>drivers.lib</file>
         <name>i2c.obj</name>
      </input_file>
      <input_file id="fl-3d">
         <path>C:\ti\C6748_StarterWare_1_20_04_01\binary\c674x\cgt_ccs\c6748\drivers\Release\</path>
         <kind>archive</kind>
         <file>drivers.lib</file>
         <name>edma.obj</name>
      </input_file>
      <input_file id="fl-3e">
         <path>C:\ti\C6748_StarterWare_1_20_04_01\binary\c674x\cgt_ccs\c6748\system_config\Release\</path>
         <kind>archive</kind>
         <file>system_config.lib</file>
         <name>interrupt.obj</name>
      </input_file>
      <input_file id="fl-3f">
         <path>C:\ti\C6748_StarterWare_1_20_04_01\binary\c674x\cgt_ccs\c6748\system_config\Release\</path>
         <kind>archive</kind>
         <file>system_config.lib</file>
         <name>intvecs.obj</name>
      </input_file>
      <input_file id="fl-40">
         <path>C:\ti\C6748_StarterWare_1_20_04_01\binary\c674x\cgt_ccs\c6748\lcdkC6748\platform\Release\</path>
         <kind>archive</kind>
         <file>platform.lib</file>
         <name>mcasp.obj</name>
      </input_file>
      <input_file id="fl-41">
         <path>C:\ti\C6748_StarterWare_1_20_04_01\binary\c674x\cgt_ccs\c6748\lcdkC6748\platform\Release\</path>
         <kind>archive</kind>
         <file>platform.lib</file>
         <name>i2c.obj</name>
      </input_file>
      <input_file id="fl-42">
         <path>C:\ti\C6748_StarterWare_1_20_04_01\binary\c674x\cgt_ccs\c6748\lcdkC6748\platform\Release\</path>
         <kind>archive</kind>
         <file>platform.lib</file>
         <name>edma.obj</name>
      </input_file>
      <input_file id="fl-43">
         <path>C:\ti\ccs1110\ccs\tools\compiler\ti-cgt-c6000_8.3.11\lib\</path>
         <kind>archive</kind>
         <file>rts6740_elf.lib</file>
         <name>divu.asm.obj</name>
      </input_file>
   </input_file_list>
   <object_component_list>
      <object_component id="oc-103">
         <name>.text</name>
         <load_address>0x80000000</load_address>
         <run_address>0x80000000</run_address>
         <size>0x11a0</size>
         <input_file_ref idref="fl-3d"/>
      </object_component>
      <object_component id="oc-33">
         <name>.text:retain</name>
         <load_address>0x800011a0</load_address>
         <run_address>0x800011a0</run_address>
         <size>0x11a0</size>
         <input_file_ref idref="fl-3e"/>
      </object_component>
      <object_component id="oc-113">
         <name>.text</name>
         <load_address>0x80002340</load_address>
         <run_address>0x80002340</run_address>
         <size>0xa20</size>
         <input_file_ref idref="fl-3b"/>
      </object_component>
      <object_component id="oc-99">
         <name>.text</name>
         <load_address>0x80002d60</load_address>
         <run_address>0x80002d60</run_address>
         <size>0xa00</size>
         <input_file_ref idref="fl-4"/>
      </object_component>
      <object_component id="oc-118">
         <name>.text</name>
         <load_address>0x80003760</load_address>
         <run_address>0x80003760</run_address>
         <size>0x520</size>
         <input_file_ref idref="fl-3e"/>
      </object_component>
      <object_component id="oc-10d">
         <name>.text</name>
         <load_address>0x80003c80</load_address>
         <run_address>0x80003c80</run_address>
         <size>0x480</size>
         <input_file_ref idref="fl-2"/>
      </object_component>
      <object_component id="oc-12c">
         <name>.text</name>
         <load_address>0x80004100</load_address>
         <run_address>0x80004100</run_address>
         <size>0x440</size>
         <input_file_ref idref="fl-3"/>
      </object_component>
      <object_component id="oc-132">
         <name>.text:cos</name>
         <load_address>0x80004540</load_address>
         <run_address>0x80004540</run_address>
         <size>0x300</size>
         <input_file_ref idref="fl-2f"/>
      </object_component>
      <object_component id="oc-138">
         <name>.text:sin</name>
         <load_address>0x80004840</load_address>
         <run_address>0x80004840</run_address>
         <size>0x2e0</size>
         <input_file_ref idref="fl-32"/>
      </object_component>
      <object_component id="oc-1cf">
         <name>.text</name>
         <load_address>0x80004b20</load_address>
         <run_address>0x80004b20</run_address>
         <size>0x200</size>
         <input_file_ref idref="fl-3c"/>
      </object_component>
      <object_component id="oc-127">
         <name>.text</name>
         <load_address>0x80004d20</load_address>
         <run_address>0x80004d20</run_address>
         <size>0x180</size>
         <input_file_ref idref="fl-3a"/>
      </object_component>
      <object_component id="oc-44">
         <name>.text:__TI_decompress_rle_core</name>
         <load_address>0x80004ea0</load_address>
         <run_address>0x80004ea0</run_address>
         <size>0x100</size>
         <input_file_ref idref="fl-2e"/>
      </object_component>
      <object_component id="oc-11d">
         <name>.text</name>
         <load_address>0x80004fa0</load_address>
         <run_address>0x80004fa0</run_address>
         <size>0x60</size>
         <input_file_ref idref="fl-41"/>
      </object_component>
      <object_component id="oc-2b">
         <name>.text</name>
         <load_address>0x80005000</load_address>
         <run_address>0x80005000</run_address>
         <size>0x200</size>
         <input_file_ref idref="fl-3f"/>
      </object_component>
      <object_component id="oc-62">
         <name>.text:exit</name>
         <load_address>0x80005200</load_address>
         <run_address>0x80005200</run_address>
         <size>0xe0</size>
         <input_file_ref idref="fl-35"/>
      </object_component>
      <object_component id="oc-85">
         <name>.text:memset</name>
         <load_address>0x800052e0</load_address>
         <run_address>0x800052e0</run_address>
         <size>0xe0</size>
         <input_file_ref idref="fl-39"/>
      </object_component>
      <object_component id="oc-ad">
         <name>.text:__TI_auto_init_nobinit_nopinit:__TI_auto_init_nobinit_nopinit</name>
         <load_address>0x800053c0</load_address>
         <run_address>0x800053c0</run_address>
         <size>0xc0</size>
         <input_file_ref idref="fl-28"/>
      </object_component>
      <object_component id="oc-232">
         <name>.text:__divu</name>
         <load_address>0x80005480</load_address>
         <run_address>0x80005480</run_address>
         <size>0xc0</size>
         <input_file_ref idref="fl-43"/>
      </object_component>
      <object_component id="oc-1e1">
         <name>.text:modf</name>
         <load_address>0x80005540</load_address>
         <run_address>0x80005540</run_address>
         <size>0xc0</size>
         <input_file_ref idref="fl-30"/>
      </object_component>
      <object_component id="oc-157">
         <name>.text:tls:init:__TI_tls_init</name>
         <load_address>0x80005600</load_address>
         <run_address>0x80005600</run_address>
         <size>0xc0</size>
         <input_file_ref idref="fl-34"/>
      </object_component>
      <object_component id="oc-1db">
         <name>.text:__c6xabi_nround</name>
         <load_address>0x800056c0</load_address>
         <run_address>0x800056c0</run_address>
         <size>0xa0</size>
         <input_file_ref idref="fl-31"/>
      </object_component>
      <object_component id="oc-108">
         <name>.text:__remu</name>
         <load_address>0x80005760</load_address>
         <run_address>0x80005760</run_address>
         <size>0xa0</size>
         <input_file_ref idref="fl-26"/>
      </object_component>
      <object_component id="oc-38">
         <name>.text:memcpy</name>
         <load_address>0x80005800</load_address>
         <run_address>0x80005800</run_address>
         <size>0xa0</size>
         <input_file_ref idref="fl-38"/>
      </object_component>
      <object_component id="oc-25">
         <name>.text:_c_int00</name>
         <load_address>0x800058a0</load_address>
         <run_address>0x800058a0</run_address>
         <size>0x80</size>
         <input_file_ref idref="fl-27"/>
      </object_component>
      <object_component id="oc-122">
         <name>.text</name>
         <load_address>0x80005920</load_address>
         <run_address>0x80005920</run_address>
         <size>0x60</size>
         <input_file_ref idref="fl-40"/>
      </object_component>
      <object_component id="oc-5c">
         <name>.text:_args_main</name>
         <load_address>0x80005980</load_address>
         <run_address>0x80005980</run_address>
         <size>0x40</size>
         <input_file_ref idref="fl-36"/>
      </object_component>
      <object_component id="oc-1d5">
         <name>.text:__c6xabi_trunc</name>
         <load_address>0x800059c0</load_address>
         <run_address>0x800059c0</run_address>
         <size>0x20</size>
         <input_file_ref idref="fl-33"/>
      </object_component>
      <object_component id="oc-151">
         <name>.text:_system_post_cinit</name>
         <load_address>0x800059e0</load_address>
         <run_address>0x800059e0</run_address>
         <size>0x20</size>
         <input_file_ref idref="fl-2a"/>
      </object_component>
      <object_component id="oc-68">
         <name>.text:_system_pre_init</name>
         <load_address>0x80005a00</load_address>
         <run_address>0x80005a00</run_address>
         <size>0x20</size>
         <input_file_ref idref="fl-29"/>
      </object_component>
      <object_component id="oc-a4">
         <name>.text:abort</name>
         <load_address>0x80005a20</load_address>
         <run_address>0x80005a20</run_address>
         <size>0x20</size>
         <input_file_ref idref="fl-35"/>
      </object_component>
      <object_component id="oc-18">
         <name>.text:decompress:none:__TI_decompress_none</name>
         <load_address>0x80005a40</load_address>
         <run_address>0x80005a40</run_address>
         <size>0x20</size>
         <input_file_ref idref="fl-2d"/>
      </object_component>
      <object_component id="oc-1e">
         <name>.text:decompress:rle24:__TI_decompress_rle24</name>
         <load_address>0x80005a60</load_address>
         <run_address>0x80005a60</run_address>
         <size>0x20</size>
         <input_file_ref idref="fl-2e"/>
      </object_component>
      <object_component id="oc-1aa">
         <name>.text</name>
         <load_address>0x80005a80</load_address>
         <run_address>0x80005a80</run_address>
         <size>0x20</size>
         <input_file_ref idref="fl-42"/>
      </object_component>
      <object_component id="oc-30">
         <name>.stack</name>
         <uninitialized>true</uninitialized>
         <run_address>0x80005aa0</run_address>
         <size>0x8</size>
         <input_file_ref idref="fl-27"/>
      </object_component>
      <object_component id="oc-28a">
         <name>.stack</name>
         <uninitialized>true</uninitialized>
         <run_address>0x80005aa0</run_address>
         <size>0x0</size>
      </object_component>
      <object_component id="oc-1a7">
         <name>.bss</name>
         <uninitialized>true</uninitialized>
         <run_address>0x80006730</run_address>
         <size>0x4</size>
         <input_file_ref idref="fl-3d"/>
      </object_component>
      <object_component id="oc-1cb">
         <name>.common:savedBase</name>
         <uninitialized>true</uninitialized>
         <run_address>0x80006734</run_address>
         <size>0x4</size>
      </object_component>
      <object_component id="oc-f4">
         <name>.const:rxDefaultPar</name>
         <load_address>0x800066b8</load_address>
         <run_address>0x800066b8</run_address>
         <size>0x20</size>
         <input_file_ref idref="fl-4"/>
      </object_component>
      <object_component id="oc-f1">
         <name>.const:txDefaultPar</name>
         <load_address>0x800066d8</load_address>
         <run_address>0x800066d8</run_address>
         <size>0x20</size>
         <input_file_ref idref="fl-4"/>
      </object_component>
      <object_component id="oc-f7">
         <name>.const:rxBufPtr</name>
         <load_address>0x800066f8</load_address>
         <run_address>0x800066f8</run_address>
         <size>0xc</size>
         <input_file_ref idref="fl-4"/>
      </object_component>
      <object_component id="oc-fd">
         <name>.const:txBufPtr</name>
         <load_address>0x80006708</load_address>
         <run_address>0x80006708</run_address>
         <size>0xc</size>
         <input_file_ref idref="fl-4"/>
      </object_component>
      <object_component id="oc-195">
         <name>.far:txBuf0</name>
         <uninitialized>true</uninitialized>
         <run_address>0x80006558</run_address>
         <size>0x28</size>
         <input_file_ref idref="fl-4"/>
      </object_component>
      <object_component id="oc-198">
         <name>.far:txBuf1</name>
         <uninitialized>true</uninitialized>
         <run_address>0x80006580</run_address>
         <size>0x28</size>
         <input_file_ref idref="fl-4"/>
      </object_component>
      <object_component id="oc-19b">
         <name>.far:txBuf2</name>
         <uninitialized>true</uninitialized>
         <run_address>0x800065a8</run_address>
         <size>0x28</size>
         <input_file_ref idref="fl-4"/>
      </object_component>
      <object_component id="oc-186">
         <name>.far:rxBuf0</name>
         <uninitialized>true</uninitialized>
         <run_address>0x800064e0</run_address>
         <size>0x28</size>
         <input_file_ref idref="fl-4"/>
      </object_component>
      <object_component id="oc-18b">
         <name>.far:rxBuf1</name>
         <uninitialized>true</uninitialized>
         <run_address>0x80006508</run_address>
         <size>0x28</size>
         <input_file_ref idref="fl-4"/>
      </object_component>
      <object_component id="oc-18e">
         <name>.far:rxBuf2</name>
         <uninitialized>true</uninitialized>
         <run_address>0x80006530</run_address>
         <size>0x28</size>
         <input_file_ref idref="fl-4"/>
      </object_component>
      <object_component id="oc-74">
         <name>.far</name>
         <uninitialized>true</uninitialized>
         <run_address>0x800062a0</run_address>
         <size>0x240</size>
         <input_file_ref idref="fl-3e"/>
      </object_component>
      <object_component id="oc-1ce">
         <name>.common:slaveData</name>
         <uninitialized>true</uninitialized>
         <run_address>0x800065d0</run_address>
         <size>0xc</size>
      </object_component>
      <object_component id="oc-289">
         <name>.cinit..fardata.load</name>
         <load_address>0x80006738</load_address>
         <run_address>0x80006738</run_address>
         <size>0x8a</size>
      </object_component>
      <object_component id="oc-288">
         <name>.cinit..neardata.load</name>
         <load_address>0x800067c2</load_address>
         <run_address>0x800067c2</run_address>
         <size>0x11</size>
      </object_component>
      <object_component id="oc-287">
         <name>.cinit..far.load</name>
         <load_address>0x800067d3</load_address>
         <run_address>0x800067d3</run_address>
         <size>0xb</size>
      </object_component>
      <object_component id="oc-286">
         <name>.cinit..bss.load</name>
         <load_address>0x800067de</load_address>
         <run_address>0x800067de</run_address>
         <size>0x9</size>
      </object_component>
      <object_component id="oc-284">
         <name>__TI_handler_table</name>
         <load_address>0x800067e8</load_address>
         <run_address>0x800067e8</run_address>
         <size>0x8</size>
      </object_component>
      <object_component id="oc-285">
         <name>__TI_cinit_table</name>
         <load_address>0x800067f0</load_address>
         <run_address>0x800067f0</run_address>
         <size>0x20</size>
      </object_component>
      <object_component id="oc-1c8">
         <name>.neardata</name>
         <load_address>0x80006728</load_address>
         <run_address>0x80006728</run_address>
         <size>0x8</size>
         <input_file_ref idref="fl-3"/>
      </object_component>
      <object_component id="oc-fa">
         <name>.neardata</name>
         <load_address>0x80006714</load_address>
         <run_address>0x80006714</run_address>
         <size>0x14</size>
         <input_file_ref idref="fl-4"/>
      </object_component>
      <object_component id="oc-181">
         <name>.fardata:loopBuf</name>
         <load_address>0x80006660</load_address>
         <run_address>0x80006660</run_address>
         <size>0x28</size>
         <input_file_ref idref="fl-4"/>
      </object_component>
      <object_component id="oc-100">
         <name>.fardata:refSignal</name>
         <load_address>0x80006688</load_address>
         <run_address>0x80006688</run_address>
         <size>0x24</size>
         <input_file_ref idref="fl-4"/>
      </object_component>
      <object_component id="oc-1e7">
         <name>.fardata:R$1</name>
         <load_address>0x800065e0</load_address>
         <run_address>0x800065e0</run_address>
         <size>0x40</size>
         <input_file_ref idref="fl-2f"/>
      </object_component>
      <object_component id="oc-1ea">
         <name>.fardata:R$1</name>
         <load_address>0x80006620</load_address>
         <run_address>0x80006620</run_address>
         <size>0x40</size>
         <input_file_ref idref="fl-32"/>
      </object_component>
      <object_component id="oc-a1">
         <name>.fardata</name>
         <load_address>0x800066ac</load_address>
         <run_address>0x800066ac</run_address>
         <size>0xc</size>
         <input_file_ref idref="fl-35"/>
      </object_component>
      <object_component id="oc-10e">
         <name>.debug_info</name>
         <load_address>0x0</load_address>
         <run_address>0x0</run_address>
         <size>0x7b3</size>
         <input_file_ref idref="fl-2"/>
      </object_component>
      <object_component id="oc-80">
         <name>.debug_info</name>
         <load_address>0x7b3</load_address>
         <run_address>0x7b3</run_address>
         <size>0xc0</size>
         <input_file_ref idref="fl-2"/>
      </object_component>
      <object_component id="oc-1cc">
         <name>.debug_info</name>
         <load_address>0x873</load_address>
         <run_address>0x873</run_address>
         <size>0x8ea</size>
         <input_file_ref idref="fl-3"/>
      </object_component>
      <object_component id="oc-1c9">
         <name>.debug_info</name>
         <load_address>0x115d</load_address>
         <run_address>0x115d</run_address>
         <size>0x100</size>
         <input_file_ref idref="fl-3"/>
      </object_component>
      <object_component id="oc-12d">
         <name>.debug_info</name>
         <load_address>0x125d</load_address>
         <run_address>0x125d</run_address>
         <size>0xae4</size>
         <input_file_ref idref="fl-3"/>
      </object_component>
      <object_component id="oc-144">
         <name>.debug_info</name>
         <load_address>0x1d41</load_address>
         <run_address>0x1d41</run_address>
         <size>0x119a</size>
         <input_file_ref idref="fl-4"/>
      </object_component>
      <object_component id="oc-182">
         <name>.debug_info</name>
         <load_address>0x2edb</load_address>
         <run_address>0x2edb</run_address>
         <size>0xd7</size>
         <input_file_ref idref="fl-4"/>
      </object_component>
      <object_component id="oc-196">
         <name>.debug_info</name>
         <load_address>0x2fb2</load_address>
         <run_address>0x2fb2</run_address>
         <size>0xd5</size>
         <input_file_ref idref="fl-4"/>
      </object_component>
      <object_component id="oc-199">
         <name>.debug_info</name>
         <load_address>0x3087</load_address>
         <run_address>0x3087</run_address>
         <size>0xd5</size>
         <input_file_ref idref="fl-4"/>
      </object_component>
      <object_component id="oc-19c">
         <name>.debug_info</name>
         <load_address>0x315c</load_address>
         <run_address>0x315c</run_address>
         <size>0xd5</size>
         <input_file_ref idref="fl-4"/>
      </object_component>
      <object_component id="oc-187">
         <name>.debug_info</name>
         <load_address>0x3231</load_address>
         <run_address>0x3231</run_address>
         <size>0xd5</size>
         <input_file_ref idref="fl-4"/>
      </object_component>
      <object_component id="oc-18c">
         <name>.debug_info</name>
         <load_address>0x3306</load_address>
         <run_address>0x3306</run_address>
         <size>0xd5</size>
         <input_file_ref idref="fl-4"/>
      </object_component>
      <object_component id="oc-18f">
         <name>.debug_info</name>
         <load_address>0x33db</load_address>
         <run_address>0x33db</run_address>
         <size>0xd5</size>
         <input_file_ref idref="fl-4"/>
      </object_component>
      <object_component id="oc-fb">
         <name>.debug_info</name>
         <load_address>0x34b0</load_address>
         <run_address>0x34b0</run_address>
         <size>0x1a7</size>
         <input_file_ref idref="fl-4"/>
      </object_component>
      <object_component id="oc-f8">
         <name>.debug_info</name>
         <load_address>0x3657</load_address>
         <run_address>0x3657</run_address>
         <size>0xd9</size>
         <input_file_ref idref="fl-4"/>
      </object_component>
      <object_component id="oc-fe">
         <name>.debug_info</name>
         <load_address>0x3730</load_address>
         <run_address>0x3730</run_address>
         <size>0xd9</size>
         <input_file_ref idref="fl-4"/>
      </object_component>
      <object_component id="oc-f2">
         <name>.debug_info</name>
         <load_address>0x3809</load_address>
         <run_address>0x3809</run_address>
         <size>0xe1</size>
         <input_file_ref idref="fl-4"/>
      </object_component>
      <object_component id="oc-f5">
         <name>.debug_info</name>
         <load_address>0x38ea</load_address>
         <run_address>0x38ea</run_address>
         <size>0xe1</size>
         <input_file_ref idref="fl-4"/>
      </object_component>
      <object_component id="oc-101">
         <name>.debug_info</name>
         <load_address>0x39cb</load_address>
         <run_address>0x39cb</run_address>
         <size>0xdc</size>
         <input_file_ref idref="fl-4"/>
      </object_component>
      <object_component id="oc-9a">
         <name>.debug_info</name>
         <load_address>0x3aa7</load_address>
         <run_address>0x3aa7</run_address>
         <size>0xfa2</size>
         <input_file_ref idref="fl-4"/>
      </object_component>
      <object_component id="oc-1ef">
         <name>.debug_info</name>
         <load_address>0x4a49</load_address>
         <run_address>0x4a49</run_address>
         <size>0x26b</size>
         <input_file_ref idref="fl-4"/>
      </object_component>
      <object_component id="oc-13f">
         <name>.debug_info</name>
         <load_address>0x4cb4</load_address>
         <run_address>0x4cb4</run_address>
         <size>0x256</size>
         <input_file_ref idref="fl-4"/>
      </object_component>
      <object_component id="oc-1a2">
         <name>.debug_info</name>
         <load_address>0x4f0a</load_address>
         <run_address>0x4f0a</run_address>
         <size>0xe1</size>
         <input_file_ref idref="fl-4"/>
      </object_component>
      <object_component id="oc-240">
         <name>.debug_info</name>
         <load_address>0x4feb</load_address>
         <run_address>0x4feb</run_address>
         <size>0x275</size>
         <input_file_ref idref="fl-4"/>
      </object_component>
      <object_component id="oc-1f4">
         <name>.debug_info</name>
         <load_address>0x5260</load_address>
         <run_address>0x5260</run_address>
         <size>0x35</size>
         <input_file_ref idref="fl-4"/>
      </object_component>
      <object_component id="oc-10a">
         <name>.debug_info</name>
         <load_address>0x5295</load_address>
         <run_address>0x5295</run_address>
         <size>0x115</size>
         <input_file_ref idref="fl-26"/>
      </object_component>
      <object_component id="oc-73">
         <name>.debug_info</name>
         <load_address>0x53aa</load_address>
         <run_address>0x53aa</run_address>
         <size>0x5df</size>
         <input_file_ref idref="fl-27"/>
      </object_component>
      <object_component id="oc-31">
         <name>.debug_info</name>
         <load_address>0x5989</load_address>
         <run_address>0x5989</run_address>
         <size>0xf6</size>
         <input_file_ref idref="fl-27"/>
      </object_component>
      <object_component id="oc-28">
         <name>.debug_info</name>
         <load_address>0x5a7f</load_address>
         <run_address>0x5a7f</run_address>
         <size>0x183</size>
         <input_file_ref idref="fl-27"/>
      </object_component>
      <object_component id="oc-15e">
         <name>.debug_info</name>
         <load_address>0x5c02</load_address>
         <run_address>0x5c02</run_address>
         <size>0x7c4</size>
         <input_file_ref idref="fl-28"/>
      </object_component>
      <object_component id="oc-af">
         <name>.debug_info</name>
         <load_address>0x63c6</load_address>
         <run_address>0x63c6</run_address>
         <size>0x1b0</size>
         <input_file_ref idref="fl-28"/>
      </object_component>
      <object_component id="oc-1fe">
         <name>.debug_info</name>
         <load_address>0x6576</load_address>
         <run_address>0x6576</run_address>
         <size>0x39</size>
         <input_file_ref idref="fl-28"/>
      </object_component>
      <object_component id="oc-20a">
         <name>.debug_info</name>
         <load_address>0x65af</load_address>
         <run_address>0x65af</run_address>
         <size>0x39</size>
         <input_file_ref idref="fl-28"/>
      </object_component>
      <object_component id="oc-169">
         <name>.debug_info</name>
         <load_address>0x65e8</load_address>
         <run_address>0x65e8</run_address>
         <size>0x39</size>
         <input_file_ref idref="fl-28"/>
      </object_component>
      <object_component id="oc-203">
         <name>.debug_info</name>
         <load_address>0x6621</load_address>
         <run_address>0x6621</run_address>
         <size>0xcd</size>
         <input_file_ref idref="fl-28"/>
      </object_component>
      <object_component id="oc-6c">
         <name>.debug_info</name>
         <load_address>0x66ee</load_address>
         <run_address>0x66ee</run_address>
         <size>0x149</size>
         <input_file_ref idref="fl-29"/>
      </object_component>
      <object_component id="oc-152">
         <name>.debug_info</name>
         <load_address>0x6837</load_address>
         <run_address>0x6837</run_address>
         <size>0x146</size>
         <input_file_ref idref="fl-2a"/>
      </object_component>
      <object_component id="oc-e4">
         <name>.debug_info</name>
         <load_address>0x697d</load_address>
         <run_address>0x697d</run_address>
         <size>0x2c</size>
         <input_file_ref idref="fl-2c"/>
      </object_component>
      <object_component id="oc-43">
         <name>.debug_info</name>
         <load_address>0x69a9</load_address>
         <run_address>0x69a9</run_address>
         <size>0x56d</size>
         <input_file_ref idref="fl-2d"/>
      </object_component>
      <object_component id="oc-19">
         <name>.debug_info</name>
         <load_address>0x6f16</load_address>
         <run_address>0x6f16</run_address>
         <size>0x1cd</size>
         <input_file_ref idref="fl-2d"/>
      </object_component>
      <object_component id="oc-3e">
         <name>.debug_info</name>
         <load_address>0x70e3</load_address>
         <run_address>0x70e3</run_address>
         <size>0x46</size>
         <input_file_ref idref="fl-2d"/>
      </object_component>
      <object_component id="oc-79">
         <name>.debug_info</name>
         <load_address>0x7129</load_address>
         <run_address>0x7129</run_address>
         <size>0x2c</size>
         <input_file_ref idref="fl-2d"/>
      </object_component>
      <object_component id="oc-8c">
         <name>.debug_info</name>
         <load_address>0x7155</load_address>
         <run_address>0x7155</run_address>
         <size>0x59e</size>
         <input_file_ref idref="fl-2e"/>
      </object_component>
      <object_component id="oc-47">
         <name>.debug_info</name>
         <load_address>0x76f3</load_address>
         <run_address>0x76f3</run_address>
         <size>0x255</size>
         <input_file_ref idref="fl-2e"/>
      </object_component>
      <object_component id="oc-20">
         <name>.debug_info</name>
         <load_address>0x7948</load_address>
         <run_address>0x7948</run_address>
         <size>0x1b2</size>
         <input_file_ref idref="fl-2e"/>
      </object_component>
      <object_component id="oc-4b">
         <name>.debug_info</name>
         <load_address>0x7afa</load_address>
         <run_address>0x7afa</run_address>
         <size>0x46</size>
         <input_file_ref idref="fl-2e"/>
      </object_component>
      <object_component id="oc-eb">
         <name>.debug_info</name>
         <load_address>0x7b40</load_address>
         <run_address>0x7b40</run_address>
         <size>0x39</size>
         <input_file_ref idref="fl-2e"/>
      </object_component>
      <object_component id="oc-8d">
         <name>.debug_info</name>
         <load_address>0x7b79</load_address>
         <run_address>0x7b79</run_address>
         <size>0x2c</size>
         <input_file_ref idref="fl-2e"/>
      </object_component>
      <object_component id="oc-1e9">
         <name>.debug_info</name>
         <load_address>0x7ba5</load_address>
         <run_address>0x7ba5</run_address>
         <size>0x5e8</size>
         <input_file_ref idref="fl-2f"/>
      </object_component>
      <object_component id="oc-135">
         <name>.debug_info</name>
         <load_address>0x818d</load_address>
         <run_address>0x818d</run_address>
         <size>0x20c</size>
         <input_file_ref idref="fl-2f"/>
      </object_component>
      <object_component id="oc-23b">
         <name>.debug_info</name>
         <load_address>0x8399</load_address>
         <run_address>0x8399</run_address>
         <size>0x557</size>
         <input_file_ref idref="fl-30"/>
      </object_component>
      <object_component id="oc-1e2">
         <name>.debug_info</name>
         <load_address>0x88f0</load_address>
         <run_address>0x88f0</run_address>
         <size>0x182</size>
         <input_file_ref idref="fl-30"/>
      </object_component>
      <object_component id="oc-1de">
         <name>.debug_info</name>
         <load_address>0x8a72</load_address>
         <run_address>0x8a72</run_address>
         <size>0x16f</size>
         <input_file_ref idref="fl-31"/>
      </object_component>
      <object_component id="oc-1ec">
         <name>.debug_info</name>
         <load_address>0x8be1</load_address>
         <run_address>0x8be1</run_address>
         <size>0x5e8</size>
         <input_file_ref idref="fl-32"/>
      </object_component>
      <object_component id="oc-13b">
         <name>.debug_info</name>
         <load_address>0x91c9</load_address>
         <run_address>0x91c9</run_address>
         <size>0x224</size>
         <input_file_ref idref="fl-32"/>
      </object_component>
      <object_component id="oc-1d9">
         <name>.debug_info</name>
         <load_address>0x93ed</load_address>
         <run_address>0x93ed</run_address>
         <size>0x160</size>
         <input_file_ref idref="fl-33"/>
      </object_component>
      <object_component id="oc-1fb">
         <name>.debug_info</name>
         <load_address>0x954d</load_address>
         <run_address>0x954d</run_address>
         <size>0x6fa</size>
         <input_file_ref idref="fl-34"/>
      </object_component>
      <object_component id="oc-15a">
         <name>.debug_info</name>
         <load_address>0x9c47</load_address>
         <run_address>0x9c47</run_address>
         <size>0x210</size>
         <input_file_ref idref="fl-34"/>
      </object_component>
      <object_component id="oc-247">
         <name>.debug_info</name>
         <load_address>0x9e57</load_address>
         <run_address>0x9e57</run_address>
         <size>0x2c</size>
         <input_file_ref idref="fl-34"/>
      </object_component>
      <object_component id="oc-24c">
         <name>.debug_info</name>
         <load_address>0x9e83</load_address>
         <run_address>0x9e83</run_address>
         <size>0x39</size>
         <input_file_ref idref="fl-34"/>
      </object_component>
      <object_component id="oc-ab">
         <name>.debug_info</name>
         <load_address>0x9ebc</load_address>
         <run_address>0x9ebc</run_address>
         <size>0x59c</size>
         <input_file_ref idref="fl-35"/>
      </object_component>
      <object_component id="oc-a2">
         <name>.debug_info</name>
         <load_address>0xa458</load_address>
         <run_address>0xa458</run_address>
         <size>0x186</size>
         <input_file_ref idref="fl-35"/>
      </object_component>
      <object_component id="oc-a5">
         <name>.debug_info</name>
         <load_address>0xa5de</load_address>
         <run_address>0xa5de</run_address>
         <size>0x118</size>
         <input_file_ref idref="fl-35"/>
      </object_component>
      <object_component id="oc-63">
         <name>.debug_info</name>
         <load_address>0xa6f6</load_address>
         <run_address>0xa6f6</run_address>
         <size>0x178</size>
         <input_file_ref idref="fl-35"/>
      </object_component>
      <object_component id="oc-a0">
         <name>.debug_info</name>
         <load_address>0xa86e</load_address>
         <run_address>0xa86e</run_address>
         <size>0x5a9</size>
         <input_file_ref idref="fl-36"/>
      </object_component>
      <object_component id="oc-5d">
         <name>.debug_info</name>
         <load_address>0xae17</load_address>
         <run_address>0xae17</run_address>
         <size>0x168</size>
         <input_file_ref idref="fl-36"/>
      </object_component>
      <object_component id="oc-147">
         <name>.debug_info</name>
         <load_address>0xaf7f</load_address>
         <run_address>0xaf7f</run_address>
         <size>0x5e</size>
         <input_file_ref idref="fl-36"/>
      </object_component>
      <object_component id="oc-3a">
         <name>.debug_info</name>
         <load_address>0xafdd</load_address>
         <run_address>0xafdd</run_address>
         <size>0x122</size>
         <input_file_ref idref="fl-38"/>
      </object_component>
      <object_component id="oc-e3">
         <name>.debug_info</name>
         <load_address>0xb0ff</load_address>
         <run_address>0xb0ff</run_address>
         <size>0x564</size>
         <input_file_ref idref="fl-39"/>
      </object_component>
      <object_component id="oc-89">
         <name>.debug_info</name>
         <load_address>0xb663</load_address>
         <run_address>0xb663</run_address>
         <size>0x22a</size>
         <input_file_ref idref="fl-39"/>
      </object_component>
      <object_component id="oc-128">
         <name>.debug_info</name>
         <load_address>0xb88d</load_address>
         <run_address>0xb88d</run_address>
         <size>0x41e</size>
         <input_file_ref idref="fl-3a"/>
      </object_component>
      <object_component id="oc-1b9">
         <name>.debug_info</name>
         <load_address>0xbcab</load_address>
         <run_address>0xbcab</run_address>
         <size>0x8d</size>
         <input_file_ref idref="fl-3a"/>
      </object_component>
      <object_component id="oc-1be">
         <name>.debug_info</name>
         <load_address>0xbd38</load_address>
         <run_address>0xbd38</run_address>
         <size>0x12b</size>
         <input_file_ref idref="fl-3b"/>
      </object_component>
      <object_component id="oc-116">
         <name>.debug_info</name>
         <load_address>0xbe63</load_address>
         <run_address>0xbe63</run_address>
         <size>0x3dab</size>
         <input_file_ref idref="fl-3b"/>
      </object_component>
      <object_component id="oc-229">
         <name>.debug_info</name>
         <load_address>0xfc0e</load_address>
         <run_address>0xfc0e</run_address>
         <size>0x1e3</size>
         <input_file_ref idref="fl-3b"/>
      </object_component>
      <object_component id="oc-1d0">
         <name>.debug_info</name>
         <load_address>0xfdf1</load_address>
         <run_address>0xfdf1</run_address>
         <size>0x211c</size>
         <input_file_ref idref="fl-3c"/>
      </object_component>
      <object_component id="oc-1b5">
         <name>.debug_info</name>
         <load_address>0x11f0d</load_address>
         <run_address>0x11f0d</run_address>
         <size>0x18a</size>
         <input_file_ref idref="fl-3d"/>
      </object_component>
      <object_component id="oc-1a8">
         <name>.debug_info</name>
         <load_address>0x12097</load_address>
         <run_address>0x12097</run_address>
         <size>0x131</size>
         <input_file_ref idref="fl-3d"/>
      </object_component>
      <object_component id="oc-105">
         <name>.debug_info</name>
         <load_address>0x121c8</load_address>
         <run_address>0x121c8</run_address>
         <size>0x3b06</size>
         <input_file_ref idref="fl-3d"/>
      </object_component>
      <object_component id="oc-222">
         <name>.debug_info</name>
         <load_address>0x15cce</load_address>
         <run_address>0x15cce</run_address>
         <size>0x256</size>
         <input_file_ref idref="fl-3d"/>
      </object_component>
      <object_component id="oc-1b0">
         <name>.debug_info</name>
         <load_address>0x15f24</load_address>
         <run_address>0x15f24</run_address>
         <size>0x94</size>
         <input_file_ref idref="fl-3d"/>
      </object_component>
      <object_component id="oc-e1">
         <name>.debug_info</name>
         <load_address>0x15fb8</load_address>
         <run_address>0x15fb8</run_address>
         <size>0x22a</size>
         <input_file_ref idref="fl-3e"/>
      </object_component>
      <object_component id="oc-75">
         <name>.debug_info</name>
         <load_address>0x161e2</load_address>
         <run_address>0x161e2</run_address>
         <size>0x173</size>
         <input_file_ref idref="fl-3e"/>
      </object_component>
      <object_component id="oc-11a">
         <name>.debug_info</name>
         <load_address>0x16355</load_address>
         <run_address>0x16355</run_address>
         <size>0x204c</size>
         <input_file_ref idref="fl-3e"/>
      </object_component>
      <object_component id="oc-35">
         <name>.debug_info</name>
         <load_address>0x183a1</load_address>
         <run_address>0x183a1</run_address>
         <size>0x107a</size>
         <input_file_ref idref="fl-3e"/>
      </object_component>
      <object_component id="oc-173">
         <name>.debug_info</name>
         <load_address>0x1941b</load_address>
         <run_address>0x1941b</run_address>
         <size>0x8d</size>
         <input_file_ref idref="fl-3e"/>
      </object_component>
      <object_component id="oc-178">
         <name>.debug_info</name>
         <load_address>0x194a8</load_address>
         <run_address>0x194a8</run_address>
         <size>0x2c</size>
         <input_file_ref idref="fl-3e"/>
      </object_component>
      <object_component id="oc-2e">
         <name>.debug_info</name>
         <load_address>0x194d4</load_address>
         <run_address>0x194d4</run_address>
         <size>0x19a</size>
         <input_file_ref idref="fl-3f"/>
      </object_component>
      <object_component id="oc-125">
         <name>.debug_info</name>
         <load_address>0x1966e</load_address>
         <run_address>0x1966e</run_address>
         <size>0x216</size>
         <input_file_ref idref="fl-40"/>
      </object_component>
      <object_component id="oc-1c1">
         <name>.debug_info</name>
         <load_address>0x19884</load_address>
         <run_address>0x19884</run_address>
         <size>0x88</size>
         <input_file_ref idref="fl-40"/>
      </object_component>
      <object_component id="oc-11f">
         <name>.debug_info</name>
         <load_address>0x1990c</load_address>
         <run_address>0x1990c</run_address>
         <size>0x237</size>
         <input_file_ref idref="fl-41"/>
      </object_component>
      <object_component id="oc-1ab">
         <name>.debug_info</name>
         <load_address>0x19b43</load_address>
         <run_address>0x19b43</run_address>
         <size>0x213</size>
         <input_file_ref idref="fl-42"/>
      </object_component>
      <object_component id="oc-233">
         <name>.debug_info</name>
         <load_address>0x19d56</load_address>
         <run_address>0x19d56</run_address>
         <size>0x115</size>
         <input_file_ref idref="fl-43"/>
      </object_component>
      <object_component id="oc-28b">
         <name>.debug_info</name>
         <load_address>0x19e6b</load_address>
         <run_address>0x19e6b</run_address>
         <size>0xb6</size>
      </object_component>
      <object_component id="oc-111">
         <name>.debug_line</name>
         <load_address>0x0</load_address>
         <run_address>0x0</run_address>
         <size>0x198</size>
         <input_file_ref idref="fl-2"/>
      </object_component>
      <object_component id="oc-82">
         <name>.debug_line</name>
         <load_address>0x198</load_address>
         <run_address>0x198</run_address>
         <size>0x20</size>
         <input_file_ref idref="fl-2"/>
      </object_component>
      <object_component id="oc-231">
         <name>.debug_line</name>
         <load_address>0x1b8</load_address>
         <run_address>0x1b8</run_address>
         <size>0xaa</size>
         <input_file_ref idref="fl-3"/>
      </object_component>
      <object_component id="oc-22f">
         <name>.debug_line</name>
         <load_address>0x262</load_address>
         <run_address>0x262</run_address>
         <size>0x30</size>
         <input_file_ref idref="fl-3"/>
      </object_component>
      <object_component id="oc-131">
         <name>.debug_line</name>
         <load_address>0x292</load_address>
         <run_address>0x292</run_address>
         <size>0x1a9</size>
         <input_file_ref idref="fl-3"/>
      </object_component>
      <object_component id="oc-1ee">
         <name>.debug_line</name>
         <load_address>0x43b</load_address>
         <run_address>0x43b</run_address>
         <size>0x1b0</size>
         <input_file_ref idref="fl-4"/>
      </object_component>
      <object_component id="oc-210">
         <name>.debug_line</name>
         <load_address>0x5eb</load_address>
         <run_address>0x5eb</run_address>
         <size>0x2d</size>
         <input_file_ref idref="fl-4"/>
      </object_component>
      <object_component id="oc-218">
         <name>.debug_line</name>
         <load_address>0x618</load_address>
         <run_address>0x618</run_address>
         <size>0x2d</size>
         <input_file_ref idref="fl-4"/>
      </object_component>
      <object_component id="oc-21a">
         <name>.debug_line</name>
         <load_address>0x645</load_address>
         <run_address>0x645</run_address>
         <size>0x2d</size>
         <input_file_ref idref="fl-4"/>
      </object_component>
      <object_component id="oc-21c">
         <name>.debug_line</name>
         <load_address>0x672</load_address>
         <run_address>0x672</run_address>
         <size>0x2d</size>
         <input_file_ref idref="fl-4"/>
      </object_component>
      <object_component id="oc-212">
         <name>.debug_line</name>
         <load_address>0x69f</load_address>
         <run_address>0x69f</run_address>
         <size>0x2d</size>
         <input_file_ref idref="fl-4"/>
      </object_component>
      <object_component id="oc-214">
         <name>.debug_line</name>
         <load_address>0x6cc</load_address>
         <run_address>0x6cc</run_address>
         <size>0x2d</size>
         <input_file_ref idref="fl-4"/>
      </object_component>
      <object_component id="oc-216">
         <name>.debug_line</name>
         <load_address>0x6f9</load_address>
         <run_address>0x6f9</run_address>
         <size>0x2d</size>
         <input_file_ref idref="fl-4"/>
      </object_component>
      <object_component id="oc-194">
         <name>.debug_line</name>
         <load_address>0x726</load_address>
         <run_address>0x726</run_address>
         <size>0x2d</size>
         <input_file_ref idref="fl-4"/>
      </object_component>
      <object_component id="oc-192">
         <name>.debug_line</name>
         <load_address>0x753</load_address>
         <run_address>0x753</run_address>
         <size>0x2d</size>
         <input_file_ref idref="fl-4"/>
      </object_component>
      <object_component id="oc-19f">
         <name>.debug_line</name>
         <load_address>0x780</load_address>
         <run_address>0x780</run_address>
         <size>0x2d</size>
         <input_file_ref idref="fl-4"/>
      </object_component>
      <object_component id="oc-185">
         <name>.debug_line</name>
         <load_address>0x7ad</load_address>
         <run_address>0x7ad</run_address>
         <size>0x2d</size>
         <input_file_ref idref="fl-4"/>
      </object_component>
      <object_component id="oc-18a">
         <name>.debug_line</name>
         <load_address>0x7da</load_address>
         <run_address>0x7da</run_address>
         <size>0x2d</size>
         <input_file_ref idref="fl-4"/>
      </object_component>
      <object_component id="oc-1a1">
         <name>.debug_line</name>
         <load_address>0x807</load_address>
         <run_address>0x807</run_address>
         <size>0x2d</size>
         <input_file_ref idref="fl-4"/>
      </object_component>
      <object_component id="oc-9e">
         <name>.debug_line</name>
         <load_address>0x834</load_address>
         <run_address>0x834</run_address>
         <size>0x2a6</size>
         <input_file_ref idref="fl-4"/>
      </object_component>
      <object_component id="oc-1f1">
         <name>.debug_line</name>
         <load_address>0xada</load_address>
         <run_address>0xada</run_address>
         <size>0x6d</size>
         <input_file_ref idref="fl-4"/>
      </object_component>
      <object_component id="oc-141">
         <name>.debug_line</name>
         <load_address>0xb47</load_address>
         <run_address>0xb47</run_address>
         <size>0x55</size>
         <input_file_ref idref="fl-4"/>
      </object_component>
      <object_component id="oc-1a4">
         <name>.debug_line</name>
         <load_address>0xb9c</load_address>
         <run_address>0xb9c</run_address>
         <size>0x2f</size>
         <input_file_ref idref="fl-4"/>
      </object_component>
      <object_component id="oc-242">
         <name>.debug_line</name>
         <load_address>0xbcb</load_address>
         <run_address>0xbcb</run_address>
         <size>0x71</size>
         <input_file_ref idref="fl-4"/>
      </object_component>
      <object_component id="oc-1f6">
         <name>.debug_line</name>
         <load_address>0xc3c</load_address>
         <run_address>0xc3c</run_address>
         <size>0x72</size>
         <input_file_ref idref="fl-4"/>
      </object_component>
      <object_component id="oc-109">
         <name>.debug_line</name>
         <load_address>0xcae</load_address>
         <run_address>0xcae</run_address>
         <size>0x44</size>
         <input_file_ref idref="fl-26"/>
      </object_component>
      <object_component id="oc-de">
         <name>.debug_line</name>
         <load_address>0xcf2</load_address>
         <run_address>0xcf2</run_address>
         <size>0x48</size>
         <input_file_ref idref="fl-27"/>
      </object_component>
      <object_component id="oc-72">
         <name>.debug_line</name>
         <load_address>0xd3a</load_address>
         <run_address>0xd3a</run_address>
         <size>0x2a</size>
         <input_file_ref idref="fl-27"/>
      </object_component>
      <object_component id="oc-2a">
         <name>.debug_line</name>
         <load_address>0xd64</load_address>
         <run_address>0xd64</run_address>
         <size>0x5d</size>
         <input_file_ref idref="fl-27"/>
      </object_component>
      <object_component id="oc-1fd">
         <name>.debug_line</name>
         <load_address>0xdc1</load_address>
         <run_address>0xdc1</run_address>
         <size>0xbf</size>
         <input_file_ref idref="fl-28"/>
      </object_component>
      <object_component id="oc-ae">
         <name>.debug_line</name>
         <load_address>0xe80</load_address>
         <run_address>0xe80</run_address>
         <size>0x8d</size>
         <input_file_ref idref="fl-28"/>
      </object_component>
      <object_component id="oc-200">
         <name>.debug_line</name>
         <load_address>0xf0d</load_address>
         <run_address>0xf0d</run_address>
         <size>0x2e</size>
         <input_file_ref idref="fl-28"/>
      </object_component>
      <object_component id="oc-20c">
         <name>.debug_line</name>
         <load_address>0xf3b</load_address>
         <run_address>0xf3b</run_address>
         <size>0x9a</size>
         <input_file_ref idref="fl-28"/>
      </object_component>
      <object_component id="oc-16b">
         <name>.debug_line</name>
         <load_address>0xfd5</load_address>
         <run_address>0xfd5</run_address>
         <size>0x97</size>
         <input_file_ref idref="fl-28"/>
      </object_component>
      <object_component id="oc-205">
         <name>.debug_line</name>
         <load_address>0x106c</load_address>
         <run_address>0x106c</run_address>
         <size>0x93</size>
         <input_file_ref idref="fl-28"/>
      </object_component>
      <object_component id="oc-6b">
         <name>.debug_line</name>
         <load_address>0x10ff</load_address>
         <run_address>0x10ff</run_address>
         <size>0x40</size>
         <input_file_ref idref="fl-29"/>
      </object_component>
      <object_component id="oc-155">
         <name>.debug_line</name>
         <load_address>0x113f</load_address>
         <run_address>0x113f</run_address>
         <size>0x3b</size>
         <input_file_ref idref="fl-2a"/>
      </object_component>
      <object_component id="oc-e6">
         <name>.debug_line</name>
         <load_address>0x117a</load_address>
         <run_address>0x117a</run_address>
         <size>0x92</size>
         <input_file_ref idref="fl-2c"/>
      </object_component>
      <object_component id="oc-7f">
         <name>.debug_line</name>
         <load_address>0x120c</load_address>
         <run_address>0x120c</run_address>
         <size>0x20</size>
         <input_file_ref idref="fl-2d"/>
      </object_component>
      <object_component id="oc-1c">
         <name>.debug_line</name>
         <load_address>0x122c</load_address>
         <run_address>0x122c</run_address>
         <size>0x53</size>
         <input_file_ref idref="fl-2d"/>
      </object_component>
      <object_component id="oc-40">
         <name>.debug_line</name>
         <load_address>0x127f</load_address>
         <run_address>0x127f</run_address>
         <size>0x3a</size>
         <input_file_ref idref="fl-2d"/>
      </object_component>
      <object_component id="oc-7b">
         <name>.debug_line</name>
         <load_address>0x12b9</load_address>
         <run_address>0x12b9</run_address>
         <size>0x92</size>
         <input_file_ref idref="fl-2d"/>
      </object_component>
      <object_component id="oc-ea">
         <name>.debug_line</name>
         <load_address>0x134b</load_address>
         <run_address>0x134b</run_address>
         <size>0x92</size>
         <input_file_ref idref="fl-2e"/>
      </object_component>
      <object_component id="oc-46">
         <name>.debug_line</name>
         <load_address>0x13dd</load_address>
         <run_address>0x13dd</run_address>
         <size>0xc6</size>
         <input_file_ref idref="fl-2e"/>
      </object_component>
      <object_component id="oc-23">
         <name>.debug_line</name>
         <load_address>0x14a3</load_address>
         <run_address>0x14a3</run_address>
         <size>0x49</size>
         <input_file_ref idref="fl-2e"/>
      </object_component>
      <object_component id="oc-4d">
         <name>.debug_line</name>
         <load_address>0x14ec</load_address>
         <run_address>0x14ec</run_address>
         <size>0x39</size>
         <input_file_ref idref="fl-2e"/>
      </object_component>
      <object_component id="oc-ed">
         <name>.debug_line</name>
         <load_address>0x1525</load_address>
         <run_address>0x1525</run_address>
         <size>0x9a</size>
         <input_file_ref idref="fl-2e"/>
      </object_component>
      <object_component id="oc-8f">
         <name>.debug_line</name>
         <load_address>0x15bf</load_address>
         <run_address>0x15bf</run_address>
         <size>0x96</size>
         <input_file_ref idref="fl-2e"/>
      </object_component>
      <object_component id="oc-23d">
         <name>.debug_line</name>
         <load_address>0x1655</load_address>
         <run_address>0x1655</run_address>
         <size>0x90</size>
         <input_file_ref idref="fl-2f"/>
      </object_component>
      <object_component id="oc-134">
         <name>.debug_line</name>
         <load_address>0x16e5</load_address>
         <run_address>0x16e5</run_address>
         <size>0x14b</size>
         <input_file_ref idref="fl-2f"/>
      </object_component>
      <object_component id="oc-25a">
         <name>.debug_line</name>
         <load_address>0x1830</load_address>
         <run_address>0x1830</run_address>
         <size>0x20</size>
         <input_file_ref idref="fl-30"/>
      </object_component>
      <object_component id="oc-1e5">
         <name>.debug_line</name>
         <load_address>0x1850</load_address>
         <run_address>0x1850</run_address>
         <size>0x94</size>
         <input_file_ref idref="fl-30"/>
      </object_component>
      <object_component id="oc-1e0">
         <name>.debug_line</name>
         <load_address>0x18e4</load_address>
         <run_address>0x18e4</run_address>
         <size>0x5e</size>
         <input_file_ref idref="fl-31"/>
      </object_component>
      <object_component id="oc-23f">
         <name>.debug_line</name>
         <load_address>0x1942</load_address>
         <run_address>0x1942</run_address>
         <size>0x90</size>
         <input_file_ref idref="fl-32"/>
      </object_component>
      <object_component id="oc-139">
         <name>.debug_line</name>
         <load_address>0x19d2</load_address>
         <run_address>0x19d2</run_address>
         <size>0x15c</size>
         <input_file_ref idref="fl-32"/>
      </object_component>
      <object_component id="oc-1d8">
         <name>.debug_line</name>
         <load_address>0x1b2e</load_address>
         <run_address>0x1b2e</run_address>
         <size>0x51</size>
         <input_file_ref idref="fl-33"/>
      </object_component>
      <object_component id="oc-246">
         <name>.debug_line</name>
         <load_address>0x1b7f</load_address>
         <run_address>0x1b7f</run_address>
         <size>0x29</size>
         <input_file_ref idref="fl-34"/>
      </object_component>
      <object_component id="oc-158">
         <name>.debug_line</name>
         <load_address>0x1ba8</load_address>
         <run_address>0x1ba8</run_address>
         <size>0x74</size>
         <input_file_ref idref="fl-34"/>
      </object_component>
      <object_component id="oc-249">
         <name>.debug_line</name>
         <load_address>0x1c1c</load_address>
         <run_address>0x1c1c</run_address>
         <size>0x29</size>
         <input_file_ref idref="fl-34"/>
      </object_component>
      <object_component id="oc-24e">
         <name>.debug_line</name>
         <load_address>0x1c45</load_address>
         <run_address>0x1c45</run_address>
         <size>0x92</size>
         <input_file_ref idref="fl-34"/>
      </object_component>
      <object_component id="oc-150">
         <name>.debug_line</name>
         <load_address>0x1cd7</load_address>
         <run_address>0x1cd7</run_address>
         <size>0x91</size>
         <input_file_ref idref="fl-35"/>
      </object_component>
      <object_component id="oc-14d">
         <name>.debug_line</name>
         <load_address>0x1d68</load_address>
         <run_address>0x1d68</run_address>
         <size>0x2a</size>
         <input_file_ref idref="fl-35"/>
      </object_component>
      <object_component id="oc-a9">
         <name>.debug_line</name>
         <load_address>0x1d92</load_address>
         <run_address>0x1d92</run_address>
         <size>0x3a</size>
         <input_file_ref idref="fl-35"/>
      </object_component>
      <object_component id="oc-67">
         <name>.debug_line</name>
         <load_address>0x1dcc</load_address>
         <run_address>0x1dcc</run_address>
         <size>0x85</size>
         <input_file_ref idref="fl-35"/>
      </object_component>
      <object_component id="oc-146">
         <name>.debug_line</name>
         <load_address>0x1e51</load_address>
         <run_address>0x1e51</run_address>
         <size>0x2f</size>
         <input_file_ref idref="fl-36"/>
      </object_component>
      <object_component id="oc-61">
         <name>.debug_line</name>
         <load_address>0x1e80</load_address>
         <run_address>0x1e80</run_address>
         <size>0x4e</size>
         <input_file_ref idref="fl-36"/>
      </object_component>
      <object_component id="oc-149">
         <name>.debug_line</name>
         <load_address>0x1ece</load_address>
         <run_address>0x1ece</run_address>
         <size>0x2f</size>
         <input_file_ref idref="fl-36"/>
      </object_component>
      <object_component id="oc-3c">
         <name>.debug_line</name>
         <load_address>0x1efd</load_address>
         <run_address>0x1efd</run_address>
         <size>0x4e</size>
         <input_file_ref idref="fl-38"/>
      </object_component>
      <object_component id="oc-17e">
         <name>.debug_line</name>
         <load_address>0x1f4b</load_address>
         <run_address>0x1f4b</run_address>
         <size>0x20</size>
         <input_file_ref idref="fl-39"/>
      </object_component>
      <object_component id="oc-86">
         <name>.debug_line</name>
         <load_address>0x1f6b</load_address>
         <run_address>0x1f6b</run_address>
         <size>0x65</size>
         <input_file_ref idref="fl-39"/>
      </object_component>
      <object_component id="oc-12b">
         <name>.debug_line</name>
         <load_address>0x1fd0</load_address>
         <run_address>0x1fd0</run_address>
         <size>0x87</size>
         <input_file_ref idref="fl-3a"/>
      </object_component>
      <object_component id="oc-1bb">
         <name>.debug_line</name>
         <load_address>0x2057</load_address>
         <run_address>0x2057</run_address>
         <size>0x20</size>
         <input_file_ref idref="fl-3a"/>
      </object_component>
      <object_component id="oc-228">
         <name>.debug_line</name>
         <load_address>0x2077</load_address>
         <run_address>0x2077</run_address>
         <size>0x20</size>
         <input_file_ref idref="fl-3b"/>
      </object_component>
      <object_component id="oc-115">
         <name>.debug_line</name>
         <load_address>0x2097</load_address>
         <run_address>0x2097</run_address>
         <size>0x4b6</size>
         <input_file_ref idref="fl-3b"/>
      </object_component>
      <object_component id="oc-22b">
         <name>.debug_line</name>
         <load_address>0x254d</load_address>
         <run_address>0x254d</run_address>
         <size>0x45</size>
         <input_file_ref idref="fl-3b"/>
      </object_component>
      <object_component id="oc-1d3">
         <name>.debug_line</name>
         <load_address>0x2592</load_address>
         <run_address>0x2592</run_address>
         <size>0x2ff</size>
         <input_file_ref idref="fl-3c"/>
      </object_component>
      <object_component id="oc-221">
         <name>.debug_line</name>
         <load_address>0x2891</load_address>
         <run_address>0x2891</run_address>
         <size>0x44</size>
         <input_file_ref idref="fl-3d"/>
      </object_component>
      <object_component id="oc-21e">
         <name>.debug_line</name>
         <load_address>0x28d5</load_address>
         <run_address>0x28d5</run_address>
         <size>0x69</size>
         <input_file_ref idref="fl-3d"/>
      </object_component>
      <object_component id="oc-104">
         <name>.debug_line</name>
         <load_address>0x293e</load_address>
         <run_address>0x293e</run_address>
         <size>0x464</size>
         <input_file_ref idref="fl-3d"/>
      </object_component>
      <object_component id="oc-224">
         <name>.debug_line</name>
         <load_address>0x2da2</load_address>
         <run_address>0x2da2</run_address>
         <size>0x44</size>
         <input_file_ref idref="fl-3d"/>
      </object_component>
      <object_component id="oc-1b2">
         <name>.debug_line</name>
         <load_address>0x2de6</load_address>
         <run_address>0x2de6</run_address>
         <size>0x20</size>
         <input_file_ref idref="fl-3d"/>
      </object_component>
      <object_component id="oc-172">
         <name>.debug_line</name>
         <load_address>0x2e06</load_address>
         <run_address>0x2e06</run_address>
         <size>0xc1</size>
         <input_file_ref idref="fl-3e"/>
      </object_component>
      <object_component id="oc-e0">
         <name>.debug_line</name>
         <load_address>0x2ec7</load_address>
         <run_address>0x2ec7</run_address>
         <size>0x7a</size>
         <input_file_ref idref="fl-3e"/>
      </object_component>
      <object_component id="oc-11c">
         <name>.debug_line</name>
         <load_address>0x2f41</load_address>
         <run_address>0x2f41</run_address>
         <size>0x2af</size>
         <input_file_ref idref="fl-3e"/>
      </object_component>
      <object_component id="oc-37">
         <name>.debug_line</name>
         <load_address>0x31f0</load_address>
         <run_address>0x31f0</run_address>
         <size>0x1a3</size>
         <input_file_ref idref="fl-3e"/>
      </object_component>
      <object_component id="oc-175">
         <name>.debug_line</name>
         <load_address>0x3393</load_address>
         <run_address>0x3393</run_address>
         <size>0x20</size>
         <input_file_ref idref="fl-3e"/>
      </object_component>
      <object_component id="oc-17a">
         <name>.debug_line</name>
         <load_address>0x33b3</load_address>
         <run_address>0x33b3</run_address>
         <size>0x55</size>
         <input_file_ref idref="fl-3e"/>
      </object_component>
      <object_component id="oc-2d">
         <name>.debug_line</name>
         <load_address>0x3408</load_address>
         <run_address>0x3408</run_address>
         <size>0x106</size>
         <input_file_ref idref="fl-3f"/>
      </object_component>
      <object_component id="oc-123">
         <name>.debug_line</name>
         <load_address>0x350e</load_address>
         <run_address>0x350e</run_address>
         <size>0x8a</size>
         <input_file_ref idref="fl-40"/>
      </object_component>
      <object_component id="oc-1c3">
         <name>.debug_line</name>
         <load_address>0x3598</load_address>
         <run_address>0x3598</run_address>
         <size>0x20</size>
         <input_file_ref idref="fl-40"/>
      </object_component>
      <object_component id="oc-121">
         <name>.debug_line</name>
         <load_address>0x35b8</load_address>
         <run_address>0x35b8</run_address>
         <size>0x88</size>
         <input_file_ref idref="fl-41"/>
      </object_component>
      <object_component id="oc-1ae">
         <name>.debug_line</name>
         <load_address>0x3640</load_address>
         <run_address>0x3640</run_address>
         <size>0x82</size>
         <input_file_ref idref="fl-42"/>
      </object_component>
      <object_component id="oc-236">
         <name>.debug_line</name>
         <load_address>0x36c2</load_address>
         <run_address>0x36c2</run_address>
         <size>0x47</size>
         <input_file_ref idref="fl-43"/>
      </object_component>
      <object_component id="oc-112">
         <name>.debug_frame</name>
         <load_address>0x0</load_address>
         <run_address>0x0</run_address>
         <size>0xb4</size>
         <input_file_ref idref="fl-2"/>
      </object_component>
      <object_component id="oc-130">
         <name>.debug_frame</name>
         <load_address>0xb4</load_address>
         <run_address>0xb4</run_address>
         <size>0x124</size>
         <input_file_ref idref="fl-3"/>
      </object_component>
      <object_component id="oc-9d">
         <name>.debug_frame</name>
         <load_address>0x1d8</load_address>
         <run_address>0x1d8</run_address>
         <size>0x1c8</size>
         <input_file_ref idref="fl-4"/>
      </object_component>
      <object_component id="oc-27">
         <name>.debug_frame</name>
         <load_address>0x3a0</load_address>
         <run_address>0x3a0</run_address>
         <size>0x38</size>
         <input_file_ref idref="fl-27"/>
      </object_component>
      <object_component id="oc-b2">
         <name>.debug_frame</name>
         <load_address>0x3d8</load_address>
         <run_address>0x3d8</run_address>
         <size>0x5c</size>
         <input_file_ref idref="fl-28"/>
      </object_component>
      <object_component id="oc-6a">
         <name>.debug_frame</name>
         <load_address>0x434</load_address>
         <run_address>0x434</run_address>
         <size>0x3c</size>
         <input_file_ref idref="fl-29"/>
      </object_component>
      <object_component id="oc-156">
         <name>.debug_frame</name>
         <load_address>0x470</load_address>
         <run_address>0x470</run_address>
         <size>0x3c</size>
         <input_file_ref idref="fl-2a"/>
      </object_component>
      <object_component id="oc-1d">
         <name>.debug_frame</name>
         <load_address>0x4ac</load_address>
         <run_address>0x4ac</run_address>
         <size>0x3c</size>
         <input_file_ref idref="fl-2d"/>
      </object_component>
      <object_component id="oc-49">
         <name>.debug_frame</name>
         <load_address>0x4e8</load_address>
         <run_address>0x4e8</run_address>
         <size>0x68</size>
         <input_file_ref idref="fl-2e"/>
      </object_component>
      <object_component id="oc-22">
         <name>.debug_frame</name>
         <load_address>0x550</load_address>
         <run_address>0x550</run_address>
         <size>0x3c</size>
         <input_file_ref idref="fl-2e"/>
      </object_component>
      <object_component id="oc-133">
         <name>.debug_frame</name>
         <load_address>0x58c</load_address>
         <run_address>0x58c</run_address>
         <size>0x7c</size>
         <input_file_ref idref="fl-2f"/>
      </object_component>
      <object_component id="oc-1e6">
         <name>.debug_frame</name>
         <load_address>0x608</load_address>
         <run_address>0x608</run_address>
         <size>0x40</size>
         <input_file_ref idref="fl-30"/>
      </object_component>
      <object_component id="oc-1dd">
         <name>.debug_frame</name>
         <load_address>0x648</load_address>
         <run_address>0x648</run_address>
         <size>0x64</size>
         <input_file_ref idref="fl-31"/>
      </object_component>
      <object_component id="oc-13a">
         <name>.debug_frame</name>
         <load_address>0x6ac</load_address>
         <run_address>0x6ac</run_address>
         <size>0x88</size>
         <input_file_ref idref="fl-32"/>
      </object_component>
      <object_component id="oc-1d6">
         <name>.debug_frame</name>
         <load_address>0x734</load_address>
         <run_address>0x734</run_address>
         <size>0x44</size>
         <input_file_ref idref="fl-33"/>
      </object_component>
      <object_component id="oc-159">
         <name>.debug_frame</name>
         <load_address>0x778</load_address>
         <run_address>0x778</run_address>
         <size>0x68</size>
         <input_file_ref idref="fl-34"/>
      </object_component>
      <object_component id="oc-a8">
         <name>.debug_frame</name>
         <load_address>0x7e0</load_address>
         <run_address>0x7e0</run_address>
         <size>0x3c</size>
         <input_file_ref idref="fl-35"/>
      </object_component>
      <object_component id="oc-66">
         <name>.debug_frame</name>
         <load_address>0x81c</load_address>
         <run_address>0x81c</run_address>
         <size>0x4c</size>
         <input_file_ref idref="fl-35"/>
      </object_component>
      <object_component id="oc-60">
         <name>.debug_frame</name>
         <load_address>0x868</load_address>
         <run_address>0x868</run_address>
         <size>0x3c</size>
         <input_file_ref idref="fl-36"/>
      </object_component>
      <object_component id="oc-87">
         <name>.debug_frame</name>
         <load_address>0x8a4</load_address>
         <run_address>0x8a4</run_address>
         <size>0x40</size>
         <input_file_ref idref="fl-39"/>
      </object_component>
      <object_component id="oc-1b7">
         <name>.debug_abbrev</name>
         <load_address>0x0</load_address>
         <run_address>0x0</run_address>
         <size>0xd4</size>
         <input_file_ref idref="fl-2"/>
      </object_component>
      <object_component id="oc-83">
         <name>.debug_abbrev</name>
         <load_address>0xd4</load_address>
         <run_address>0xd4</run_address>
         <size>0x2e</size>
         <input_file_ref idref="fl-2"/>
      </object_component>
      <object_component id="oc-230">
         <name>.debug_abbrev</name>
         <load_address>0x102</load_address>
         <run_address>0x102</run_address>
         <size>0xc7</size>
         <input_file_ref idref="fl-3"/>
      </object_component>
      <object_component id="oc-22e">
         <name>.debug_abbrev</name>
         <load_address>0x1c9</load_address>
         <run_address>0x1c9</run_address>
         <size>0x29</size>
         <input_file_ref idref="fl-3"/>
      </object_component>
      <object_component id="oc-1d4">
         <name>.debug_abbrev</name>
         <load_address>0x1f2</load_address>
         <run_address>0x1f2</run_address>
         <size>0x101</size>
         <input_file_ref idref="fl-3"/>
      </object_component>
      <object_component id="oc-1ed">
         <name>.debug_abbrev</name>
         <load_address>0x2f3</load_address>
[...]
         <object_component_ref idref="oc-1cf"/>
      </symbol>
      <symbol id="sm-371">
         <name>I2CMasterBusBusy</name>
         <value>0x80004cac</value>
         <object_component_ref idref="oc-1cf"/>
      </symbol>
      <symbol id="sm-372">
         <name>I2CMasterIntDisableEx</name>
         <value>0x80004bd8</value>
         <object_component_ref idref="oc-1cf"/>
      </symbol>
      <symbol id="sm-373">
         <name>I2CMasterIntStatus</name>
         <value>0x80004bb8</value>
         <object_component_ref idref="oc-1cf"/>
      </symbol>
      <symbol id="sm-374">
         <name>I2COwnAddressSet</name>
         <value>0x80004b80</value>
         <object_component_ref idref="oc-1cf"/>
      </symbol>
      <symbol id="sm-375">
         <name>I2CDMATxEventDisable</name>
         <value>0x80004ce4</value>
         <object_component_ref idref="oc-1cf"/>
      </symbol>
      <symbol id="sm-376">
         <name>I2CMasterDataPut</name>
         <value>0x80004c88</value>
         <object_component_ref idref="oc-1cf"/>
      </symbol>
      <symbol id="sm-377">
         <name>I2CSlaveIntDisableEx</name>
         <value>0x80004b4c</value>
         <object_component_ref idref="oc-1cf"/>
      </symbol>
      <symbol id="sm-378">
         <name>I2CMasterInitExpClk</name>
         <value>0x80004bf0</value>
         <object_component_ref idref="oc-1cf"/>
      </symbol>
      <symbol id="sm-379">
         <name>I2CDMARxEventDisable</name>
         <value>0x80004d0c</value>
         <object_component_ref idref="oc-1cf"/>
      </symbol>
      <symbol id="sm-37a">
         <name>I2CSlaveIntEnableEx</name>
         <value>0x80004b34</value>
         <object_component_ref idref="oc-1cf"/>
      </symbol>
      <symbol id="sm-37b">
         <name>I2CSlaveIntClearEx</name>
         <value>0x80004b60</value>
         <object_component_ref idref="oc-1cf"/>
      </symbol>
      <symbol id="sm-37c">
         <name>I2CSlaveDataGet</name>
         <value>0x80004b68</value>
         <object_component_ref idref="oc-1cf"/>
      </symbol>
      <symbol id="sm-37d">
         <name>I2CMasterIsBusy</name>
         <value>0x80004bac</value>
         <object_component_ref idref="oc-1cf"/>
      </symbol>
      <symbol id="sm-37e">
         <name>I2CSetDataCount</name>
         <value>0x80004b78</value>
         <object_component_ref idref="oc-1cf"/>
      </symbol>
      <symbol id="sm-37f">
         <name>I2CSlaveAddressGet</name>
         <value>0x80004b70</value>
         <object_component_ref idref="oc-1cf"/>
      </symbol>
      <symbol id="sm-380">
         <name>I2CDMARxEventEnable</name>
         <value>0x80004cf8</value>
         <object_component_ref idref="oc-1cf"/>
      </symbol>
      <symbol id="sm-381">
         <name>I2CMasterIntClearEx</name>
         <value>0x80004bec</value>
         <object_component_ref idref="oc-1cf"/>
      </symbol>
      <symbol id="sm-382">
         <name>I2CMasterSlaveAddrSet</name>
         <value>0x80004ba8</value>
         <object_component_ref idref="oc-1cf"/>
      </symbol>
      <symbol id="sm-383">
         <name>I2CMasterDataGet</name>
         <value>0x80004c8c</value>
         <object_component_ref idref="oc-1cf"/>
      </symbol>
      <symbol id="sm-384">
         <name>I2CSlaveIntStatus</name>
         <value>0x80004b2c</value>
         <object_component_ref idref="oc-1cf"/>
      </symbol>
      <symbol id="sm-385">
         <name>I2CSlaveDataPut</name>
         <value>0x80004b64</value>
         <object_component_ref idref="oc-1cf"/>
      </symbol>
      <symbol id="sm-386">
         <name>I2CMasterIntEnableEx</name>
         <value>0x80004bc4</value>
         <object_component_ref idref="oc-1cf"/>
      </symbol>
      <symbol id="sm-387">
         <name>I2CMasterErr</name>
         <value>0x80004c44</value>
         <object_component_ref idref="oc-1cf"/>
      </symbol>
      <symbol id="sm-388">
         <name>I2CMasterStart</name>
         <value>0x80004b94</value>
         <object_component_ref idref="oc-1cf"/>
      </symbol>
      <symbol id="sm-389">
         <name>I2CMasterStop</name>
         <value>0x80004b84</value>
         <object_component_ref idref="oc-1cf"/>
      </symbol>
      <symbol id="sm-38a">
         <name>I2CMasterControl</name>
         <value>0x80004c94</value>
         <object_component_ref idref="oc-1cf"/>
      </symbol>
      <symbol id="sm-38b">
         <name>I2CDMATxRxEventDisable</name>
         <value>0x80004cc4</value>
         <object_component_ref idref="oc-1cf"/>
      </symbol>
      <symbol id="sm-38c">
         <name>I2CSlaveIntStatusEx</name>
         <value>0x80004b24</value>
         <object_component_ref idref="oc-1cf"/>
      </symbol>
      <symbol id="sm-38d">
         <name>I2CInterruptVectorGet</name>
         <value>0x80004cb8</value>
         <object_component_ref idref="oc-1cf"/>
      </symbol>
      <symbol id="sm-38e">
         <name>I2CMasterEnable</name>
         <value>0x80004c50</value>
         <object_component_ref idref="oc-1cf"/>
      </symbol>
      <symbol id="sm-38f">
         <name>I2CStatusClear</name>
         <value>0x80004b20</value>
         <object_component_ref idref="oc-1cf"/>
      </symbol>
      <symbol id="sm-390">
         <name>I2CMasterDisable</name>
         <value>0x80004c74</value>
         <object_component_ref idref="oc-1cf"/>
      </symbol>
      <symbol id="sm-3d7">
         <name>EDMA3GetErrIntrStatus</name>
         <value>0x800007d8</value>
         <object_component_ref idref="oc-103"/>
      </symbol>
      <symbol id="sm-3d8">
         <name>regionId</name>
         <value>0x80006730</value>
         <object_component_ref idref="oc-1a7"/>
      </symbol>
      <symbol id="sm-3d9">
         <name>EDMA3DisableTransfer</name>
         <value>0x80000934</value>
         <object_component_ref idref="oc-103"/>
      </symbol>
      <symbol id="sm-3da">
         <name>EDMA3ErrIntrHighStatusGet</name>
         <value>0x80000b8c</value>
         <object_component_ref idref="oc-103"/>
      </symbol>
      <symbol id="sm-3db">
         <name>EDMA3QdmaSetPaRAMEntry</name>
         <value>0x800003e4</value>
         <object_component_ref idref="oc-103"/>
      </symbol>
      <symbol id="sm-3dc">
         <name>EDMA3SetPaRAM</name>
         <value>0x8000008c</value>
         <object_component_ref idref="oc-103"/>
      </symbol>
      <symbol id="sm-3dd">
         <name>EDMA3IntrStatusHighGet</name>
         <value>0x800005d8</value>
         <object_component_ref idref="oc-103"/>
      </symbol>
      <symbol id="sm-3de">
         <name>EDMA3EnableDmaEvt</name>
         <value>0x80000ba0</value>
         <object_component_ref idref="oc-103"/>
      </symbol>
      <symbol id="sm-3df">
         <name>EDMA3EnableTransfer</name>
         <value>0x80000c20</value>
         <object_component_ref idref="oc-103"/>
      </symbol>
      <symbol id="sm-3e0">
         <name>EDMA3DisableChInShadowReg</name>
         <value>0x800009ec</value>
         <object_component_ref idref="oc-103"/>
      </symbol>
      <symbol id="sm-3e1">
         <name>EDMA3QdmaGetPaRAMEntry</name>
         <value>0x80000478</value>
         <object_component_ref idref="oc-103"/>
      </symbol>
      <symbol id="sm-3e2">
         <name>EDMA3MapChToEvtQ</name>
         <value>0x80000200</value>
         <object_component_ref idref="oc-103"/>
      </symbol>
      <symbol id="sm-3e3">
         <name>EDMA3EnableChInShadowReg</name>
         <value>0x80000160</value>
         <object_component_ref idref="oc-103"/>
      </symbol>
      <symbol id="sm-3e4">
         <name>EDMA3QdmaGetErrIntrStatus</name>
         <value>0x80000500</value>
         <object_component_ref idref="oc-103"/>
      </symbol>
      <symbol id="sm-3e5">
         <name>EDMA3FreeChannel</name>
         <value>0x80000ae0</value>
         <object_component_ref idref="oc-103"/>
      </symbol>
      <symbol id="sm-3e6">
         <name>EDMA3Init</name>
         <value>0x800005f4</value>
         <object_component_ref idref="oc-103"/>
      </symbol>
      <symbol id="sm-3e7">
         <name>EDMA3ClrEvt</name>
         <value>0x800008d8</value>
         <object_component_ref idref="oc-103"/>
      </symbol>
      <symbol id="sm-3e8">
         <name>EDMA3ContextSave</name>
         <value>0x80000db0</value>
         <object_component_ref idref="oc-103"/>
      </symbol>
      <symbol id="sm-3e9">
         <name>EDMA3Deinit</name>
         <value>0x80000ce0</value>
         <object_component_ref idref="oc-103"/>
      </symbol>
      <symbol id="sm-3ea">
         <name>EDMA3DisableEvtIntr</name>
         <value>0x80000a88</value>
         <object_component_ref idref="oc-103"/>
      </symbol>
      <symbol id="sm-3eb">
         <name>EDMA3GetIntrStatus</name>
         <value>0x800007c4</value>
         <object_component_ref idref="oc-103"/>
      </symbol>
      <symbol id="sm-3ec">
         <name>EDMA3SetQdmaTrigWord</name>
         <value>0x80000068</value>
         <object_component_ref idref="oc-103"/>
      </symbol>
      <symbol id="sm-3ed">
         <name>EDMA3MapQdmaChToPaRAM</name>
         <value>0x80000554</value>
         <object_component_ref idref="oc-103"/>
      </symbol>
      <symbol id="sm-3ee">
         <name>EDMA3DisableDmaEvt</name>
         <value>0x8000086c</value>
         <object_component_ref idref="oc-103"/>
      </symbol>
      <symbol id="sm-3ef">
         <name>EDMA3ClearErrorBits</name>
         <value>0x800010c0</value>
         <object_component_ref idref="oc-103"/>
      </symbol>
      <symbol id="sm-3f0">
         <name>EDMA3ContextRestore</name>
         <value>0x80000f10</value>
         <object_component_ref idref="oc-103"/>
      </symbol>
      <symbol id="sm-3f1">
         <name>EDMA3UnmapChToEvtQ</name>
         <value>0x80000000</value>
         <object_component_ref idref="oc-103"/>
      </symbol>
      <symbol id="sm-3f2">
         <name>EDMA3ClrMissEvt</name>
         <value>0x80000800</value>
         <object_component_ref idref="oc-103"/>
      </symbol>
      <symbol id="sm-3f3">
         <name>EDMA3RequestChannel</name>
         <value>0x800002e0</value>
         <object_component_ref idref="oc-103"/>
      </symbol>
      <symbol id="sm-3f4">
         <name>EDMA3ClrIntr</name>
         <value>0x80001074</value>
         <object_component_ref idref="oc-103"/>
      </symbol>
      <symbol id="sm-3f5">
         <name>EDMA3GetCCErrStatus</name>
         <value>0x800007ec</value>
         <object_component_ref idref="oc-103"/>
      </symbol>
      <symbol id="sm-3f6">
         <name>EDMA3GetPaRAM</name>
         <value>0x80000760</value>
         <object_component_ref idref="oc-103"/>
      </symbol>
      <symbol id="sm-3f7">
         <name>EDMA3QdmaGetPaRAM</name>
         <value>0x80000498</value>
         <object_component_ref idref="oc-103"/>
      </symbol>
      <symbol id="sm-3f8">
         <name>EDMA3QdmaSetPaRAM</name>
         <value>0x80000408</value>
         <object_component_ref idref="oc-103"/>
      </symbol>
      <symbol id="sm-3f9">
         <name>EDMA3PeripheralIdGet</name>
         <value>0x8000054c</value>
         <object_component_ref idref="oc-103"/>
      </symbol>
      <symbol id="sm-3fa">
         <name>EDMA3ChannelToParamMap</name>
         <value>0x8000118c</value>
         <object_component_ref idref="oc-103"/>
      </symbol>
      <symbol id="sm-3fb">
         <name>EDMA3ClrCCErr</name>
         <value>0x80000cd0</value>
         <object_component_ref idref="oc-103"/>
      </symbol>
      <symbol id="sm-3fc">
         <name>EDMA3SetEvt</name>
         <value>0x80000100</value>
         <object_component_ref idref="oc-103"/>
      </symbol>
      <symbol id="sm-3fd">
         <name>EDMA3QdmaClrMissEvt</name>
         <value>0x80000510</value>
         <object_component_ref idref="oc-103"/>
      </symbol>
      <symbol id="sm-3fe">
         <name>EDMA3EnableEvtIntr</name>
         <value>0x80000288</value>
         <object_component_ref idref="oc-103"/>
      </symbol>
      <symbol id="sm-3ff">
         <name>EDMA3DisableQdmaEvt</name>
         <value>0x800008b8</value>
         <object_component_ref idref="oc-103"/>
      </symbol>
      <symbol id="sm-400">
         <name>EDMA3EnableQdmaEvt</name>
         <value>0x80000bf8</value>
         <object_component_ref idref="oc-103"/>
      </symbol>
      <symbol id="sm-446">
         <name>IntEventCombineRegister</name>
         <value>0x800039a0</value>
         <object_component_ref idref="oc-118"/>
      </symbol>
      <symbol id="sm-447">
         <name>IntEventMap</name>
         <value>0x80003908</value>
         <object_component_ref idref="oc-118"/>
      </symbol>
      <symbol id="sm-448">
         <name>_c674x_mask_int9_isr</name>
         <value>0x80001524</value>
         <object_component_ref idref="oc-33"/>
      </symbol>
      <symbol id="sm-449">
         <name>IntUnRegister</name>
         <value>0x80003878</value>
         <object_component_ref idref="oc-118"/>
      </symbol>
      <symbol id="sm-44a">
         <name>IntEnable</name>
         <value>0x800039b0</value>
         <object_component_ref idref="oc-118"/>
      </symbol>
      <symbol id="sm-44b">
         <name>_c674x_mask_int8_isr</name>
         <value>0x80001650</value>
         <object_component_ref idref="oc-33"/>
      </symbol>
      <symbol id="sm-44c">
         <name>IntGlobalRestore</name>
         <value>0x800038a8</value>
         <object_component_ref idref="oc-118"/>
      </symbol>
      <symbol id="sm-44d">
         <name>_c674x_mask_int11_isr</name>
         <value>0x800020dc</value>
         <object_component_ref idref="oc-33"/>
      </symbol>
      <symbol id="sm-44e">
         <name>IntGlobalEnable</name>
         <value>0x800038d8</value>
         <object_component_ref idref="oc-118"/>
      </symbol>
      <symbol id="sm-44f">
         <name>IntEventClear</name>
         <value>0x80003b68</value>
         <object_component_ref idref="oc-118"/>
      </symbol>
      <symbol id="sm-450">
         <name>_c674x_mask_int7_isr</name>
         <value>0x8000177c</value>
         <object_component_ref idref="oc-33"/>
      </symbol>
      <symbol id="sm-451">
         <name>_c674x_mask_int10_isr</name>
         <value>0x80002208</value>
         <object_component_ref idref="oc-33"/>
      </symbol>
      <symbol id="sm-452">
         <name>_c674x_mask_int6_isr</name>
         <value>0x800018a8</value>
         <object_component_ref idref="oc-33"/>
      </symbol>
      <symbol id="sm-453">
         <name>ExcCombineRemove</name>
         <value>0x80003c18</value>
         <object_component_ref idref="oc-118"/>
      </symbol>
      <symbol id="sm-454">
         <name>_c674x_mask_int13_isr</name>
         <value>0x80001e84</value>
         <object_component_ref idref="oc-33"/>
      </symbol>
      <symbol id="sm-455">
         <name>IntDisable</name>
         <value>0x80003b88</value>
         <object_component_ref idref="oc-118"/>
      </symbol>
      <symbol id="sm-456">
         <name>IntRegister</name>
         <value>0x800038c8</value>
         <object_component_ref idref="oc-118"/>
      </symbol>
      <symbol id="sm-457">
         <name>ExcCombineAdd</name>
         <value>0x80003c48</value>
         <object_component_ref idref="oc-118"/>
      </symbol>
      <symbol id="sm-458">
         <name>IntGlobalDisable</name>
         <value>0x80003894</value>
         <object_component_ref idref="oc-118"/>
      </symbol>
      <symbol id="sm-459">
         <name>_c674x_rsvd_int3_isr</name>
         <value>0x800011a0</value>
         <object_component_ref idref="oc-33"/>
      </symbol>
      <symbol id="sm-45a">
         <name>_c674x_nmi_isr</name>
         <value>0x800013f8</value>
         <object_component_ref idref="oc-33"/>
      </symbol>
      <symbol id="sm-45b">
         <name>_c674x_mask_int5_isr</name>
         <value>0x800019d4</value>
         <object_component_ref idref="oc-33"/>
      </symbol>
      <symbol id="sm-45c">
         <name>_c674x_mask_int12_isr</name>
         <value>0x80001fb0</value>
         <object_component_ref idref="oc-33"/>
      </symbol>
      <symbol id="sm-45d">
         <name>ExcGlobalEnable</name>
         <value>0x80003c00</value>
         <object_component_ref idref="oc-118"/>
      </symbol>
      <symbol id="sm-45e">
         <name>_c674x_rsvd_int2_isr</name>
         <value>0x800012cc</value>
         <object_component_ref idref="oc-33"/>
      </symbol>
      <symbol id="sm-45f">
         <name>_c674x_mask_int4_isr</name>
         <value>0x80001b00</value>
         <object_component_ref idref="oc-33"/>
      </symbol>
      <symbol id="sm-460">
         <name>IntDSPINTCInit</name>
         <value>0x80003bac</value>
         <object_component_ref idref="oc-118"/>
      </symbol>
      <symbol id="sm-461">
         <name>IntEventCombineInit</name>
         <value>0x800039d4</value>
         <object_component_ref idref="oc-118"/>
      </symbol>
      <symbol id="sm-462">
         <name>_c674x_mask_int15_isr</name>
         <value>0x80001c2c</value>
         <object_component_ref idref="oc-33"/>
      </symbol>
      <symbol id="sm-463">
         <name>IntEventSet</name>
         <value>0x800038e8</value>
         <object_component_ref idref="oc-118"/>
      </symbol>
      <symbol id="sm-464">
         <name>IntEventCombineAdd</name>
         <value>0x80003b28</value>
         <object_component_ref idref="oc-118"/>
      </symbol>
      <symbol id="sm-465">
         <name>_c674x_mask_int14_isr</name>
         <value>0x80001d58</value>
         <object_component_ref idref="oc-33"/>
      </symbol>
      <symbol id="sm-466">
         <name>IntEventCombineRemove</name>
         <value>0x80003960</value>
         <object_component_ref idref="oc-118"/>
      </symbol>
      <symbol id="sm-467">
         <name>IntReset</name>
         <value>0x800038b0</value>
         <object_component_ref idref="oc-118"/>
      </symbol>
      <symbol id="sm-46f">
         <name>_intcVectorTable</name>
         <value>0x80005000</value>
         <object_component_ref idref="oc-2b"/>
      </symbol>
      <symbol id="sm-47c">
         <name>McASPPinMuxSetup</name>
         <value>0x80005920</value>
         <object_component_ref idref="oc-122"/>
      </symbol>
      <symbol id="sm-486">
         <name>I2CPinMuxSetup</name>
         <value>0x80004fa0</value>
         <object_component_ref idref="oc-11d"/>
      </symbol>
      <symbol id="sm-48e">
         <name>EDMAVersionGet</name>
         <value>0x80005a80</value>
         <object_component_ref idref="oc-1aa"/>
      </symbol>
      <symbol id="sm-497">
         <name>__c6xabi_divu</name>
         <value>0x80005480</value>
         <object_component_ref idref="oc-232"/>
      </symbol>
      <symbol id="sm-498">
         <name>__divu</name>
         <value>0x80005480</value>
         <object_component_ref idref="oc-232"/>
      </symbol>
      <symbol id="sm-499">
         <name>__TI_STATIC_BASE</name>
         <value>0x80006714</value>
      </symbol>
      <symbol id="sm-49b">
         <name>__TI_TLS_INIT_Base</name>
         <value>0x0</value>
      </symbol>
      <symbol id="sm-49c">
         <name>__TI_TLS_INIT_Limit</name>
         <value>0x0</value>
      </symbol>
   </symbol_table>
   <title>Link successful</title>
</link_info>
